Microchip MPLAB XC8 Compiler V2.40

Linker command line:

-W-3 \
  --edf=C:\Program Files\Microchip\xc8\v2.40\pic\dat\20220703182018_en.msgs \
  -cn -h+dist/default/production\Car_Black_Box.X.production.sym \
  --cmf=dist/default/production\Car_Black_Box.X.production.cmf -z -Q16F877A \
  -oC:\Users\MUBASH~1\AppData\Local\Temp\xcAs48o.4 --defsym=__MPLAB_BUILD=1 \
  --fixupoverflow=error \
  -Mdist/default/production/Car_Black_Box.X.production.map \
  --md=C:\Users\MUBASH~1\AppData\Local\Temp\xcAs48o.dat -E1 \
  -ver=XC8 Compiler --acfsm=1493 -ACODE=00h-07FFhx4 -ASTRCODE=00h-01FFFh \
  -ASTRING=00h-0FFhx32 -ACONST=00h-0FFhx32 -AENTRY=00h-0FFhx32 \
  -ACOMMON=070h-07Fh -ABANK0=020h-06Fh -ABANK1=0A0h-0EFh \
  -ABANK2=0110h-016Fh -ABANK3=0190h-01EFh \
  -ARAM=020h-06Fh,0A0h-0EFh,0110h-016Fh,0190h-01EFh \
  -AABS1=020h-07Fh,0A0h-0EFh,0110h-016Fh,0190h-01EFh -ASFR0=00h-01Fh \
  -ASFR1=080h-09Fh -ASFR2=0100h-010Fh -ASFR3=0180h-018Fh \
  -ACONFIG=02007h-02007h -DCONFIG=2 -AIDLOC=02000h-02003h -DIDLOC=2 \
  -AEEDATA=00h-0FFh/02100h -peeprom_data=EEDATA -DEEDATA=2 -DCODE=2 \
  -DSTRCODE=2 -DSTRING=2 -DCONST=2 -DENTRY=2 \
  -preset_vec=00h,intentry=04h,init,end_init -ppowerup=CODE -pcinit=CODE \
  -pfunctab=ENTRY -k C:\Users\MUBASH~1\AppData\Local\Temp\xcAs48o.o \
  dist/default/production\Car_Black_Box.X.production.o 

Object code version is 3.11

Machine type is 16F877A



                Name                               Link     Load   Length Selector   Space Scale
C:\Users\MUBASH~1\AppData\Local\Temp\xcAs48o.o
                end_init                              C        C        3        8       0
                reset_vec                             0        0        3        0       0
                config                             2007     2007        1        0       4
dist/default/production\Car_Black_Box.X.production.o
                cinit                                 F        F       49        8       0
                intentry                              4        4        8        8       0
                config                             2007     2007        1        0       4
                text50                             15AF     15AF       47     2B5E       0
                text49                             1569     1569       46     2AD2       0
                text48                             12B6     12B6       20     256C       0
                text47                             13BF     13BF       2F     277E       0
                text46                             126E     126E       15     24DC       0
                text45                             1214     1214       11     2428       0
                text44                             11ED     11ED        D     23DA       0
                text43                             11A5     11A5        9     234A       0
                text42                             11AE     11AE        9     235C       0
                text41                             11C1     11C1        B     2382       0
                text40                             1342     1342       27     2684       0
                text39                             13EE     13EE       2F     27DC       0
                text38                             14EC     14EC       3E     29D8       0
                text37                              E25      E25      1DB     1C4A       0
                text36                             1225     1225       11     244A       0
                text35                              818      818       69     1030       0
                text34                             173F     173F       59     2E7E       0
                text33                             12D6     12D6       21     25AC       0
                text32                             11CC     11CC        B     2398       0
                text31                             1369     1369       2B     26D2       0
                text30                              974      974       AC     12E8       0
                text29                             163E     163E       52     2C7C       0
                text28                             144E     144E       32     289C       0
                text27                              881      881       6C     1102       0
                text26                             1283     1283       15     2506       0
                text25                             1394     1394       2B     2728       0
                text24                             11D7     11D7        B     23AE       0
                text23                             131C     131C       26     2638       0
                text22                              A20      A20      133     1440       0
                text21                             1196     1196        7     232C       0
                text20                             1690     1690       57     2D20       0
                text19                             11E2     11E2        B     23C4       0
                text18                             1190     1190        6     2320       0
                text17                             1298     1298       1E     2530       0
                text16                             1248     1248       13     2490       0
                text15                             1798     1798       68     2F30       0
                text14                             1480     1480       32     2900       0
                text13                             11FA     11FA        D     23F4       0
                text12                             141D     141D       31     283A       0
                text11                             14B2     14B2       3A     2964       0
                text10                             152A     152A       3F     2A54       0
                text9                              15F6     15F6       48     2BEC       0
                text8                              16E7     16E7       58     2DCE       0
                text7                               B53      B53      161     16A6       0
                text6                               73A      73A       C4        8       0
                text5                              1236     1236       12     246C       0
                text4                               8ED      8ED       87     11DA       0
                text3                               49A      49A      2A0        8       0
                text2                              12F7     12F7       25     25EE       0
                text1                               CB4      CB4      171     1968       0
                maintext                             58       58      442        8       0
                cstackBANK0                          20       20       19       20       1
                cstackCOMMON                         70       70        A       70       1
                cstackBANK3                         1BC      1BC       16      190       1
                clrtext                            119D     119D        8     233A       0
                inittext                           125B     125B       13     24B6       0
                dataBANK3                           1A6      1A6       16      190       1
                bssBANK3                            190      190       16      190       1
                dataBANK1                            E3       E3        A       A0       1
                bssBANK1                             A0       A0       43       A0       1
                dataBANK0                            51       51        D       20       1
                bssBANK0                             39       39       18       20       1
                bssCOMMON                            7A       7A        2       70       1
                stringtext                         1000     1000      16E       20       0
                strings                            116E     116E       12     22DC       0
                idataBANK3                          802      802       16     1004       0
                idataBANK1                         11B7     11B7        A     236E       0
                idataBANK0                         1207     1207        D     240E       0

TOTAL           Name                               Link     Load   Length     Space
        CLASS   CODE           
                end_init                              C        C        3         0
                cinit                                 F        F       49         0
                intentry                              4        4        8         0
                reset_vec                             0        0        3         0
                text50                             15AF     15AF       47         0
                text49                             1569     1569       46         0
                text48                             12B6     12B6       20         0
                text47                             13BF     13BF       2F         0
                text46                             126E     126E       15         0
                text45                             1214     1214       11         0
                text44                             11ED     11ED        D         0
                text43                             11A5     11A5        9         0
                text42                             11AE     11AE        9         0
                text41                             11C1     11C1        B         0
                text40                             1342     1342       27         0
                text39                             13EE     13EE       2F         0
                text38                             14EC     14EC       3E         0
                text37                              E25      E25      1DB         0
                text36                             1225     1225       11         0
                text35                              818      818       69         0
                text34                             173F     173F       59         0
                text33                             12D6     12D6       21         0
                text32                             11CC     11CC        B         0
                text31                             1369     1369       2B         0
                text30                              974      974       AC         0
                text29                             163E     163E       52         0
                text28                             144E     144E       32         0
                text27                              881      881       6C         0
                text26                             1283     1283       15         0
                text25                             1394     1394       2B         0
                text24                             11D7     11D7        B         0
                text23                             131C     131C       26         0
                text22                              A20      A20      133         0
                text21                             1196     1196        7         0
                text20                             1690     1690       57         0
                text19                             11E2     11E2        B         0
                text18                             1190     1190        6         0
                text17                             1298     1298       1E         0
                text16                             1248     1248       13         0
                text15                             1798     1798       68         0
                text14                             1480     1480       32         0
                text13                             11FA     11FA        D         0
                text12                             141D     141D       31         0
                text11                             14B2     14B2       3A         0
                text10                             152A     152A       3F         0
                text9                              15F6     15F6       48         0
                text8                              16E7     16E7       58         0
                text7                               B53      B53      161         0
                text6                               73A      73A       C4         0
                text5                              1236     1236       12         0
                text4                               8ED      8ED       87         0
                text3                               49A      49A      2A0         0
                text2                              12F7     12F7       25         0
                text1                               CB4      CB4      171         0
                maintext                             58       58      442         0
                clrtext                            119D     119D        8         0
                inittext                           125B     125B       13         0
                idataBANK3                          802      802       16         0
                idataBANK1                         11B7     11B7        A         0
                idataBANK0                         1207     1207        D         0

        CLASS   STRCODE        
                stringtext                         1000     1000      16E         0

        CLASS   STRING         
                strings                            116E     116E       12         0

        CLASS   CONST          

        CLASS   ENTRY          

        CLASS   COMMON         
                cstackCOMMON                         70       70        A         1
                bssCOMMON                            7A       7A        2         1

        CLASS   BANK0          
                cstackBANK0                          20       20       19         1
                dataBANK0                            51       51        D         1
                bssBANK0                             39       39       18         1

        CLASS   BANK1          
                dataBANK1                            E3       E3        A         1
                bssBANK1                             A0       A0       43         1

        CLASS   BANK2          

        CLASS   BANK3          
                cstackBANK3                         1BC      1BC       16         1
                dataBANK3                           1A6      1A6       16         1
                bssBANK3                            190      190       16         1

        CLASS   RAM            

        CLASS   ABS1           
                abs_s1                               7E       7E        2         1

        CLASS   SFR0           

        CLASS   SFR1           

        CLASS   SFR2           

        CLASS   SFR3           

        CLASS   CONFIG         
                config                             2007     2007        1         4

        CLASS   IDLOC          

        CLASS   EEDATA         

        CLASS   STACK          



SEGMENTS        Name                           Load    Length   Top    Selector   Space  Class     Delta

                reset_vec                      000000  000003  000003         0       0  CODE        2
                intentry                       000004  0007FA  0007FE         8       0  CODE        2
                cstackBANK0                    000020  00003E  00005E        20       1  BANK0       1
                cstackCOMMON                   000070  00000C  00007C        70       1  COMMON      1
                bssBANK1                       0000A0  00004D  0000ED        A0       1  BANK1       1
                bssBANK3                       000190  000042  0001D2       190       1  BANK3       1
                idataBANK3                     000802  000016  000818      1004       0  CODE        2
                text35                         000818  000069  000881      1030       0  CODE        2
                text27                         000881  00006C  0008ED      1102       0  CODE        2
                text4                          0008ED  000087  000974      11DA       0  CODE        2
                text30                         000974  0000AC  000A20      12E8       0  CODE        2
                text22                         000A20  000133  000B53      1440       0  CODE        2
                text7                          000B53  000161  000CB4      16A6       0  CODE        2
                text1                          000CB4  000171  000E25      1968       0  CODE        2
                text37                         000E25  0001DB  001000      1C4A       0  CODE        2
                stringtext                     001000  00016E  00116E        20       0  STRCODE     2
                strings                        00116E  000012  001180      22DC       0  STRING      2
                text18                         001190  000006  001196      2320       0  CODE        2
                text21                         001196  000007  00119D      232C       0  CODE        2
                clrtext                        00119D  000008  0011A5      233A       0  CODE        2
                text43                         0011A5  000009  0011AE      234A       0  CODE        2
                text42                         0011AE  000009  0011B7      235C       0  CODE        2
                idataBANK1                     0011B7  00000A  0011C1      236E       0  CODE        2
                text41                         0011C1  00000B  0011CC      2382       0  CODE        2
                text32                         0011CC  00000B  0011D7      2398       0  CODE        2
                text24                         0011D7  00000B  0011E2      23AE       0  CODE        2
                text19                         0011E2  00000B  0011ED      23C4       0  CODE        2
                text44                         0011ED  00000D  0011FA      23DA       0  CODE        2
                text13                         0011FA  00000D  001207      23F4       0  CODE        2
                idataBANK0                     001207  00000D  001214      240E       0  CODE        2
                text45                         001214  000011  001225      2428       0  CODE        2
                text36                         001225  000011  001236      244A       0  CODE        2
                text5                          001236  000012  001248      246C       0  CODE        2
                text16                         001248  000013  00125B      2490       0  CODE        2
                inittext                       00125B  000013  00126E      24B6       0  CODE        2
                text46                         00126E  000015  001283      24DC       0  CODE        2
                text26                         001283  000015  001298      2506       0  CODE        2
                text17                         001298  00001E  0012B6      2530       0  CODE        2
                text48                         0012B6  000020  0012D6      256C       0  CODE        2
                text33                         0012D6  000021  0012F7      25AC       0  CODE        2
                text2                          0012F7  000025  00131C      25EE       0  CODE        2
                text23                         00131C  000026  001342      2638       0  CODE        2
                text40                         001342  000027  001369      2684       0  CODE        2
                text31                         001369  00002B  001394      26D2       0  CODE        2
                text25                         001394  00002B  0013BF      2728       0  CODE        2
                text47                         0013BF  00002F  0013EE      277E       0  CODE        2
                text39                         0013EE  00002F  00141D      27DC       0  CODE        2
                text12                         00141D  000031  00144E      283A       0  CODE        2
                text28                         00144E  000032  001480      289C       0  CODE        2
                text14                         001480  000032  0014B2      2900       0  CODE        2
                text11                         0014B2  00003A  0014EC      2964       0  CODE        2
                text38                         0014EC  00003E  00152A      29D8       0  CODE        2
                text10                         00152A  00003F  001569      2A54       0  CODE        2
                text49                         001569  000046  0015AF      2AD2       0  CODE        2
                text50                         0015AF  000047  0015F6      2B5E       0  CODE        2
                text9                          0015F6  000048  00163E      2BEC       0  CODE        2
                text29                         00163E  000052  001690      2C7C       0  CODE        2
                text20                         001690  000057  0016E7      2D20       0  CODE        2
                text8                          0016E7  000058  00173F      2DCE       0  CODE        2
                text34                         00173F  000059  001798      2E7E       0  CODE        2
                text15                         001798  000068  001800      2F30       0  CODE        2


UNUSED ADDRESS RANGES

        Name                Unused          Largest block    Delta
        BANK0            005E-006F             12           1
        BANK1            00ED-00EF              3           1
        BANK2            0110-016F             60           1
        BANK3            01D2-01EF             1E           1
        CODE             0003-0003              1           2
                         07FE-0801              2
                         1180-118F             10
                         1800-1FFF            800
        COMMON           007C-007D              2           1
        CONST            0003-0003              1           2
                         07FE-0801              2
                         1180-118F             10
                         1800-1FFF            100
        EEDATA           2100-21FF            100           2
        ENTRY            0003-0003              1           2
                         07FE-0801              2
                         1180-118F             10
                         1800-1FFF            100
        IDLOC            2000-2003              4           2
        RAM              005E-006F             12           1
                         00ED-00EF              3
                         0110-016F             60
                         01D2-01EF             1E
        SFR0             0000-001F             20           1
        SFR1             0080-009F             20           1
        SFR2             0100-010F             10           1
        SFR3             0180-018F             10           1
        STRCODE          0003-0003              1           2
                         07FE-0801              4
                         1180-118F             10
                         1800-1FFF            800
        STRING           0003-0003              1           2
                         07FE-0801              2
                         1180-118F             10
                         1800-1FFF            100

                                  Symbol Table

?___awdiv                                cstackCOMMON 0072
?___awmod                                cstackCOMMON 0072
?___lldiv                                cstackCOMMON 0072
?___lwdiv                                cstackCOMMON 0076
?_read_adc                               cstackCOMMON 0072
?_strcmp                                 cstackCOMMON 0072
?_strncmp                                cstackCOMMON 0072
_ACKDT                                   (abs)        048D
_ACKEN                                   (abs)        048C
_ACKSTAT                                 (abs)        048E
_ADFM                                    (abs)        04FF
_ADON                                    (abs)        00F8
_ADRESH                                  (abs)        001E
_ADRESL                                  (abs)        009E
_CREN                                    (abs)        00C4
_GIE                                     (abs)        005F
_GO                                      (abs)        00FA
_OERR                                    (abs)        00C1
_PEIE                                    (abs)        005E
_PEN                                     (abs)        048A
_PORTB                                   (abs)        0006
_PORTD                                   (abs)        0008
_PR2                                     (abs)        0092
_RCEN                                    (abs)        048B
_RCIE                                    (abs)        0465
_RCIF                                    (abs)        0065
_RCREG                                   (abs)        001A
_RE1                                     (abs)        0049
_RE2                                     (abs)        004A
_R_nW                                    (abs)        04A2
_SEN                                     (abs)        0488
_SPBRG                                   (abs)        0099
_SPEN                                    (abs)        00C7
_SSPADD                                  (abs)        0093
_SSPBUF                                  (abs)        0013
_SSPCON2                                 (abs)        0091
_SSPEN                                   (abs)        00A5
_SSPM3                                   (abs)        00A3
_T2CKPS0                                 (abs)        0090
_T2CKPS1                                 (abs)        0091
_TMR2IE                                  (abs)        0461
_TMR2IF                                  (abs)        0061
_TMR2ON                                  (abs)        0092
_TRISB                                   (abs)        0086
_TRISD                                   (abs)        0088
_TRISE1                                  (abs)        0449
_TRISE2                                  (abs)        044A
_TXIF                                    (abs)        0064
_TXREG                                   (abs)        0019
__Habs1                                  abs1         0000
__Hbank0                                 bank0        0000
__Hbank1                                 bank1        0000
__Hbank2                                 bank2        0000
__Hbank3                                 bank3        0000
__HbssBANK0                              bssBANK0     0000
__HbssBANK1                              bssBANK1     0000
__HbssBANK3                              bssBANK3     0000
__HbssCOMMON                             bssCOMMON    0000
__Hcinit                                 cinit        0058
__Hclrtext                               clrtext      0000
__Hcode                                  code         0000
__Hcommon                                common       0000
__Hconfig                                config       2008
__HcstackBANK0                           cstackBANK0  0000
__HcstackBANK3                           cstackBANK3  0000
__HcstackCOMMON                          cstackCOMMON 0000
__HdataBANK0                             dataBANK0    0000
__HdataBANK1                             dataBANK1    0000
__HdataBANK3                             dataBANK3    0000
__Heeprom_data                           eeprom_data  0000
__Hend_init                              end_init     000F
__Hfunctab                               functab      0000
__HidataBANK0                            idataBANK0   0000
__HidataBANK1                            idataBANK1   0000
__HidataBANK3                            idataBANK3   0000
__Hinit                                  init         000C
__Hinittext                              inittext     0000
__Hintentry                              intentry     000C
__Hmaintext                              maintext     0000
__Hpowerup                               powerup      0000
__Hram                                   ram          0000
__Hreset_vec                             reset_vec    0003
__Hsfr0                                  sfr0         0000
__Hsfr1                                  sfr1         0000
__Hsfr2                                  sfr2         0000
__Hsfr3                                  sfr3         0000
__Hspace_0                               (abs)        1800
__Hspace_1                               (abs)        01D2
__Hspace_2                               (abs)        0000
__Hspace_3                               (abs)        0000
__Hspace_4                               (abs)        400F
__Hstack                                 stack        0000
__Hstrings                               strings      0000
__Hstringtext                            stringtext   0000
__Htext                                  text         0000
__Labs1                                  abs1         0000
__Lbank0                                 bank0        0000
__Lbank1                                 bank1        0000
__Lbank2                                 bank2        0000
__Lbank3                                 bank3        0000
__LbssBANK0                              bssBANK0     0000
__LbssBANK1                              bssBANK1     0000
__LbssBANK3                              bssBANK3     0000
__LbssCOMMON                             bssCOMMON    0000
__Lcinit                                 cinit        000F
__Lclrtext                               clrtext      0000
__Lcode                                  code         0000
__Lcommon                                common       0000
__Lconfig                                config       0000
__LcstackBANK0                           cstackBANK0  0000
__LcstackBANK3                           cstackBANK3  0000
__LcstackCOMMON                          cstackCOMMON 0000
__LdataBANK0                             dataBANK0    0000
__LdataBANK1                             dataBANK1    0000
__LdataBANK3                             dataBANK3    0000
__Leeprom_data                           eeprom_data  0000
__Lend_init                              end_init     000C
__Lfunctab                               functab      0000
__LidataBANK0                            idataBANK0   0000
__LidataBANK1                            idataBANK1   0000
__LidataBANK3                            idataBANK3   0000
__Linit                                  init         000C
__Linittext                              inittext     0000
__Lintentry                              intentry     0004
__Lmaintext                              maintext     0000
__Lpowerup                               powerup      0000
__Lram                                   ram          0000
__Lreset_vec                             reset_vec    0000
__Lsfr0                                  sfr0         0000
__Lsfr1                                  sfr1         0000
__Lsfr2                                  sfr2         0000
__Lsfr3                                  sfr3         0000
__Lspace_0                               (abs)        0000
__Lspace_1                               (abs)        0000
__Lspace_2                               (abs)        0000
__Lspace_3                               (abs)        0000
__Lspace_4                               (abs)        0000
__Lstack                                 stack        0000
__Lstrings                               strings      0000
__Lstringtext                            stringtext   0000
__Ltext                                  text         0000
__S0                                     (abs)        1800
__S1                                     (abs)        01D2
__S3                                     (abs)        0000
___awdiv                                 text35       0818
___awdiv@counter                         cstackBANK0  0020
___awdiv@dividend                        cstackCOMMON 0074
___awdiv@divisor                         cstackCOMMON 0072
___awdiv@quotient                        cstackBANK0  0022
___awdiv@sign                            cstackBANK0  0021
___awmod                                 text34       173F
___awmod@counter                         cstackCOMMON 0077
___awmod@dividend                        cstackCOMMON 0074
___awmod@divisor                         cstackCOMMON 0072
___awmod@sign                            cstackCOMMON 0078
___bmul                                  text26       1283
___bmul@multiplicand                     cstackCOMMON 0072
___bmul@multiplier                       cstackCOMMON 0075
___bmul@product                          cstackCOMMON 0074
___int_sp                                stack        0000
___latbits                               (abs)        0002
___lldiv                                 text15       1798
___lldiv@counter                         cstackBANK0  0025
___lldiv@dividend                        cstackCOMMON 0076
___lldiv@divisor                         cstackCOMMON 0072
___lldiv@quotient                        cstackBANK0  0021
___lwdiv                                 text49       1569
___lwdiv@counter                         cstackBANK0  0021
___lwdiv@dividend                        cstackCOMMON 0078
___lwdiv@divisor                         cstackCOMMON 0076
___lwdiv@quotient                        cstackBANK0  0022
___sp                                    stack        0000
___stackhi                               (abs)        0000
___stacklo                               (abs)        0000
__end_of___awdiv                         text35       0881
__end_of___awmod                         text34       1798
__end_of___bmul                          text26       1298
__end_of___lldiv                         text15       1800
__end_of___lwdiv                         text49       15AF
__end_of__initialization                 cinit        0054
__end_of__stringtab                      strings      1180
__end_of_change_pwd                      text37       1000
__end_of_clcd_print                      text47       13EE
__end_of_clcd_putch                      text46       1283
__end_of_clcd_write                      text48       12D6
__end_of_clear_log                       text36       1236
__end_of_clear_screen                    text45       1225
__end_of_display_dashboard               text27       08ED
__end_of_display_time                    text29       1690
__end_of_download_log                    text22       0B53
__end_of_eeprom_at24c04_byte_write       text40       1369
__end_of_eeprom_at24c04_randon_read      text25       13BF
__end_of_eeprom_at24c04_str_write        text39       141D
__end_of_get_time                        text30       0A20
__end_of_i2c_read                        text33       12F7
__end_of_i2c_rep_start                   text32       11D7
__end_of_i2c_start                       text43       11AE
__end_of_i2c_stop                        text42       11B7
__end_of_i2c_wait_for_idle               text44       11FA
__end_of_i2c_write                       text41       11CC
__end_of_init_adc                        text21       119D
__end_of_init_clcd                       text19       11ED
__end_of_init_config                     text11       14EC
__end_of_init_digital_keypad             text18       1196
__end_of_init_display_controller         text20       16E7
__end_of_init_ds1307                     text16       125B
__end_of_init_i2c                        text14       14B2
__end_of_init_timer2                     text13       1207
__end_of_init_uarts                      text12       144E
__end_of_isr                             text50       15F6
__end_of_log_car_event                   text8        173F
__end_of_log_event                       text10       1569
__end_of_login                           text7        0CB4
__end_of_login_menu                      text6        07FE
__end_of_main                            maintext     049A
__end_of_putcharr                        text24       11E2
__end_of_putss                           text23       1342
__end_of_read_adc                        text5        1248
__end_of_read_digital_keypad             text4        0974
__end_of_read_ds1307                     text31       1394
__end_of_set_time                        text3        073A
__end_of_strcmp                          text28       1480
__end_of_strcpy                          text2        131C
__end_of_strncmp                         text38       152A
__end_of_strncpy                         text9        163E
__end_of_view_log                        text1        0E25
__end_of_write_ds1307                    text17       12B6
__initialization                         cinit        000F
__pbssBANK0                              bssBANK0     0039
__pbssBANK1                              bssBANK1     00A0
__pbssBANK3                              bssBANK3     0190
__pbssCOMMON                             bssCOMMON    007A
__pcstackBANK0                           cstackBANK0  0020
__pcstackBANK3                           cstackBANK3  01BC
__pcstackCOMMON                          cstackCOMMON 0070
__pdataBANK0                             dataBANK0    0051
__pdataBANK1                             dataBANK1    00E3
__pdataBANK3                             dataBANK3    01A6
__pidataBANK0                            idataBANK0   1207
__pidataBANK1                            idataBANK1   11B7
__pidataBANK3                            idataBANK3   0802
__pintentry                              intentry     0004
__pmaintext                              maintext     0058
__pstrings                               strings      116E
__pstringtext                            stringtext   1000
__ptext1                                 text1        0CB4
__ptext10                                text10       152A
__ptext11                                text11       14B2
__ptext12                                text12       141D
__ptext13                                text13       11FA
__ptext14                                text14       1480
__ptext15                                text15       1798
__ptext16                                text16       1248
__ptext17                                text17       1298
__ptext18                                text18       1190
__ptext19                                text19       11E2
__ptext2                                 text2        12F7
__ptext20                                text20       1690
__ptext21                                text21       1196
__ptext22                                text22       0A20
__ptext23                                text23       131C
__ptext24                                text24       11D7
__ptext25                                text25       1394
__ptext26                                text26       1283
__ptext27                                text27       0881
__ptext28                                text28       144E
__ptext29                                text29       163E
__ptext3                                 text3        049A
__ptext30                                text30       0974
__ptext31                                text31       1369
__ptext32                                text32       11CC
__ptext33                                text33       12D6
__ptext34                                text34       173F
__ptext35                                text35       0818
__ptext36                                text36       1225
__ptext37                                text37       0E25
__ptext38                                text38       14EC
__ptext39                                text39       13EE
__ptext4                                 text4        08ED
__ptext40                                text40       1342
__ptext41                                text41       11C1
__ptext42                                text42       11AE
__ptext43                                text43       11A5
__ptext44                                text44       11ED
__ptext45                                text45       1214
__ptext46                                text46       126E
__ptext47                                text47       13BF
__ptext48                                text48       12B6
__ptext49                                text49       1569
__ptext5                                 text5        1236
__ptext50                                text50       15AF
__ptext6                                 text6        073A
__ptext7                                 text7        0B53
__ptext8                                 text8        16E7
__ptext9                                 text9        15F6
__stringbase                             strings      1180
__stringtab                              strings      116E
_ch                                      bssBANK1     00BB
_change_pwd                              text37       0E25
_chng_pwd                                bssBANK0     004D
_clcd_print                              text47       13BF
_clcd_putch                              text46       126E
_clcd_write                              text48       12B6
_clear_lg                                bssBANK0     004C
_clear_log                               text36       1225
_clear_screen                            text45       1214
_clock_reg                               bssBANK0     003C
_control_flag                            dataBANK0    005D
_display_dashboard                       text27       0881
_display_time                            text29       163E
_download_log                            text22       0A20
_eeprom_at24c04_byte_write               text40       1342
_eeprom_at24c04_randon_read              text25       1394
_eeprom_at24c04_str_write                text39       13EE
_get_time                                text30       0974
_i2c_read                                text33       12D6
_i2c_rep_start                           text32       11CC
_i2c_start                               text43       11A5
_i2c_stop                                text42       11AE
_i2c_wait_for_idle                       text44       11ED
_i2c_write                               text41       11C1
_init_adc                                text21       1196
_init_clcd                               text19       11E2
_init_config                             text11       14B2
_init_digital_keypad                     text18       1190
_init_display_controller                 text20       1690
_init_ds1307                             text16       1248
_init_i2c                                text14       1480
_init_timer2                             text13       11FA
_init_uarts                              text12       141D
_isr                                     text50       15AF
_key                                     bssBANK0     0050
_log                                     bssBANK1     00C9
_log_car_event                           text8        16E7
_log_event                               text10       152A
_login                                   text7        0B53
_login_menu                              text6        073A
_main                                    maintext     0058
_nDONE                                   (abs)        00FA
_overflow                                bssBANK0     004A
_pos                                     dataBANK0    005B
_pos2                                    dataBANK0    0053
_pre_key                                 bssBANK0     004F
_putcharr                                text24       11D7
_putss                                   text23       131C
_read_adc                                text5        1236
_read_digital_keypad                     text4        08ED
_read_ds1307                             text31       1369
_return_time                             dataBANK0    005C
_sec                                     bssBANK0     004B
_set_time                                text3        049A
_strcmp                                  text28       144E
_strcpy                                  text2        12F7
_strncmp                                 text38       14EC
_strncpy                                 text9        15F6
_time                                    bssBANK1     00D4
_time1                                   bssBANK1     00AA
_view_log                                text1        0CB4
_view_log_arr                            bssBANK1     00A0
_vl                                      bssBANK0     004E
_write_ds1307                            text17       1298
btemp                                    (abs)        007E
change_pwd@control_flag                  cstackBANK0  0026
change_pwd@flag                          bssBANK0     0041
change_pwd@i                             bssBANK0     0043
change_pwd@key                           cstackBANK0  0030
change_pwd@pwd                           cstackBANK0  002C
change_pwd@pwd1                          cstackBANK0  0028
change_pwd@reset_flag                    cstackBANK0  0025
change_pwd@s                             bssBANK0     003F
clcd_print@addr                          cstackCOMMON 0078
clcd_print@str                           cstackCOMMON 0076
clcd_putch@addr                          cstackCOMMON 0079
clcd_putch@data                          cstackBANK0  0024
clcd_write@byte                          cstackCOMMON 0075
clcd_write@mode                          cstackCOMMON 0072
clear_log@reset_flag                     cstackCOMMON 0072
clear_ram0                               clrtext      119D
display_dashboard@event                  cstackBANK0  0028
display_dashboard@speed                  cstackBANK0  0025
download_log@addr                        cstackBANK0  002B
download_log@download_log_arr            cstackBANK0  0020
download_log@i                           cstackBANK0  002E
download_log@new                         cstackBANK0  002C
download_log@num                         dataBANK0    0051
eeprom_at24c04_byte_write@data           cstackCOMMON 0073
eeprom_at24c04_byte_write@memory_loc     cstackCOMMON 0076
eeprom_at24c04_randon_read@memory_loc    cstackCOMMON 0074
eeprom_at24c04_randon_read@received_data cstackCOMMON 0075
eeprom_at24c04_str_write@data            cstackCOMMON 0077
eeprom_at24c04_str_write@memory_loc      cstackBANK0  0020
end_of_initialization                    cinit        0054
i2c_read@ack                             cstackCOMMON 0072
i2c_read@data                            cstackCOMMON 0073
i2c_write@data                           cstackCOMMON 0072
init_ds1307@dummy                        cstackCOMMON 0076
init_fetch0                              inittext     125B
init_i2c@baud                            cstackBANK0  0026
init_ram0                                inittext     125F
init_uarts@baud                          cstackBANK0  0026
interrupt_function                       intentry     0004
intlevel0                                functab      0000
intlevel1                                functab      0000
intlevel2                                functab      0000
intlevel3                                functab      0000
intlevel4                                functab      0000
intlevel5                                functab      0000
isr@count                                bssBANK1     00B1
log_car_event@event                      cstackBANK0  0024
log_car_event@speed                      cstackBANK0  0026
log_event@addr                           cstackBANK0  0022
login@attempts_rem                       dataBANK0    0057
login@i                                  bssBANK0     0046
login@j                                  cstackBANK0  002A
login@key                                cstackBANK0  0029
login@npassword                          bssBANK1     00DF
login@reset_flag                         cstackBANK0  0025
login@spassword                          bssBANK1     00DB
login_menu@F1154                         dataBANK3    01B2
login_menu@key                           cstackBANK0  0034
login_menu@menu                          cstackBANK0  002A
login_menu@menu_pos                      bssBANK0     0045
login_menu@reset_flag                    cstackBANK0  0025
main@F1093                               dataBANK3    01A6
main@F1095                               dataBANK1    00E7
main@event                               cstackBANK3  01CC
main@gear                                cstackBANK3  01BC
main@gr                                  cstackBANK3  01CF
main@j                                   cstackBANK3  01C8
main@menu_p                              cstackBANK3  01CA
main@reset_flag                          cstackBANK3  01D1
main@speed                               cstackBANK3  01D0
main@time_set                            cstackBANK3  01CB
putcharr@data                            cstackCOMMON 0072
putss@s                                  cstackCOMMON 0073
read_adc@adc_reg_val                     cstackCOMMON 0074
read_digital_keypad@key                  cstackCOMMON 0072
read_digital_keypad@longpressed          dataBANK0    0055
read_digital_keypad@once                 bssCOMMON    007B
read_digital_keypad@pre_key              bssCOMMON    007A
read_ds1307@addr                         cstackCOMMON 0074
read_ds1307@data                         cstackCOMMON 0075
reset_vec                                reset_vec    0000
saved_w                                  (abs)        007E
set_time@blink                           dataBANK0    0058
set_time@control_flag                    cstackBANK0  0025
set_time@dummy                           cstackBANK0  002D
set_time@flag                            bssBANK0     0048
set_time@key                             cstackBANK0  002E
set_time@position                        dataBANK0    0059
set_time@set_time_arr                    bssBANK0     0039
set_time@wait                            bssBANK0     0047
start                                    init         000C
start_initialization                     cinit        000F
strcmp@r                                 cstackCOMMON 0076
strcmp@s1                                cstackCOMMON 0077
strcmp@s2                                cstackCOMMON 0072
strcpy@cp                                cstackCOMMON 0075
strcpy@from                              cstackCOMMON 0072
strcpy@to                                cstackCOMMON 0076
strncmp@len                              cstackCOMMON 0073
strncmp@s1                               cstackCOMMON 0077
strncmp@s2                               cstackCOMMON 0072
strncpy@cp                               cstackBANK0  0021
strncpy@from                             cstackCOMMON 0072
strncpy@size                             cstackCOMMON 0074
strncpy@to                               cstackBANK0  0020
view_log@addr                            dataBANK0    005A
view_log@control_flag                    cstackBANK0  0026
view_log@i                               cstackBANK0  002E
view_log@i_387                           cstackBANK0  0027
view_log@key                             cstackBANK0  002D
view_log@new                             cstackBANK0  002B
view_log@num                             bssBANK0     0049
view_log@reset_flag                      cstackBANK0  0025
write_ds1307@addr                        cstackCOMMON 0074
write_ds1307@data                        cstackCOMMON 0073
wtemp0                                   (abs)        007E


MODULE INFORMATION

Module		Function		Class		Link	Load	Size
timers.c
		_init_timer2   		CODE           	11FA	0000	13

timers.c estimated size: 13

C:\Program Files\Microchip\xc8\v2.40\pic\sources\c90\common\strcmp.c
		_strcmp        		CODE           	144E	0000	50

C:\Program Files\Microchip\xc8\v2.40\pic\sources\c90\common\strcmp.c estimated size: 50

C:\Program Files\Microchip\xc8\v2.40\pic\sources\c90\common\Umul8.c
		___bmul        		CODE           	1283	0000	21

C:\Program Files\Microchip\xc8\v2.40\pic\sources\c90\common\Umul8.c estimated size: 21

C:\Program Files\Microchip\xc8\v2.40\pic\sources\c90\common\strcpy.c
		_strcpy        		CODE           	12F7	0000	37

C:\Program Files\Microchip\xc8\v2.40\pic\sources\c90\common\strcpy.c estimated size: 37

digital_keypad.c
		_init_digital_keypad		CODE           	1190	0000	6
		_read_digital_keypad		CODE           	08ED	0000	135

digital_keypad.c estimated size: 141

uart.c
		_init_uarts    		CODE           	141D	0000	49
		_putss         		CODE           	131C	0000	38
		_putcharr      		CODE           	11D7	0000	11

uart.c estimated size: 98

C:\Program Files\Microchip\xc8\v2.40\pic\sources\c90\common\awdiv.c
		___awdiv       		CODE           	0818	0000	105

C:\Program Files\Microchip\xc8\v2.40\pic\sources\c90\common\awdiv.c estimated size: 105

i2c.c
		_i2c_start     		CODE           	11A5	0000	9
		_i2c_rep_start 		CODE           	11CC	0000	11
		_i2c_write     		CODE           	11C1	0000	11
		_i2c_stop      		CODE           	11AE	0000	9
		_i2c_read      		CODE           	12D6	0000	33
		_init_i2c      		CODE           	1480	0000	50
		_i2c_wait_for_idle		CODE           	11ED	0000	13

i2c.c estimated size: 136

C:\Program Files\Microchip\xc8\v2.40\pic\sources\c90\common\strncmp.c
		_strncmp       		CODE           	14EC	0000	62

C:\Program Files\Microchip\xc8\v2.40\pic\sources\c90\common\strncmp.c estimated size: 62

C:\Program Files\Microchip\xc8\v2.40\pic\sources\c90\common\strncpy.c
		_strncpy       		CODE           	15F6	0000	72

C:\Program Files\Microchip\xc8\v2.40\pic\sources\c90\common\strncpy.c estimated size: 72

C:\Program Files\Microchip\xc8\v2.40\pic\sources\c90\common\__lldiv.c
		___lldiv       		CODE           	1798	0000	104

C:\Program Files\Microchip\xc8\v2.40\pic\sources\c90\common\__lldiv.c estimated size: 104

ds1307.c
		_read_ds1307   		CODE           	1369	0000	43
		_write_ds1307  		CODE           	1298	0000	30
		_init_ds1307   		CODE           	1248	0000	19

ds1307.c estimated size: 92

adc.c
		_init_adc      		CODE           	1196	0000	7
		_read_adc      		CODE           	1236	0000	18

adc.c estimated size: 25

isr.c
		_isr           		CODE           	15AF	0000	71

isr.c estimated size: 71

cbb.c
		_view_log      		CODE           	0CB4	0000	369
		_log_car_event 		CODE           	16E7	0000	88
		_display_time  		CODE           	163E	0000	82
		_display_dashboard		CODE           	0881	0000	108
		_get_time      		CODE           	0974	0000	172
		_clear_screen  		CODE           	1214	0000	17
		_download_log  		CODE           	0A20	0000	307
		_log_event     		CODE           	152A	0000	63
		_login_menu    		CODE           	073A	0000	196
		_set_time      		CODE           	049A	0000	672
		_clear_log     		CODE           	1225	0000	17
		_change_pwd    		CODE           	0E25	0000	475
		_login         		CODE           	0B53	0000	353

cbb.c estimated size: 2919

shared
		__stringtab    		STRING         	116E	0000	18
		__initialization		CODE           	000F	0000	69

shared estimated size: 87

clcd.c
		_clcd_write    		CODE           	12B6	0000	32
		_clcd_print    		CODE           	13BF	0000	47
		_clcd_putch    		CODE           	126E	0000	21
		_init_display_controller		CODE           	1690	0000	87
		_init_clcd     		CODE           	11E2	0000	11

clcd.c estimated size: 198

at24c04.c
		_eeprom_at24c04_byte_write		CODE           	1342	0000	39
		_eeprom_at24c04_randon_read		CODE           	1394	0000	43
		_eeprom_at24c04_str_write		CODE           	13EE	0000	47

at24c04.c estimated size: 129

C:\Program Files\Microchip\xc8\v2.40\pic\sources\c90\common\awmod.c
		___awmod       		CODE           	173F	0000	89

C:\Program Files\Microchip\xc8\v2.40\pic\sources\c90\common\awmod.c estimated size: 89

main.c
		_main          		CODE           	0058	0000	1090
		_init_config   		CODE           	14B2	0000	58

main.c estimated size: 1148

C:\Program Files\Microchip\xc8\v2.40\pic\sources\c90\common\lwdiv.c
		___lwdiv       		CODE           	1569	0000	70

C:\Program Files\Microchip\xc8\v2.40\pic\sources\c90\common\lwdiv.c estimated size: 70

